ARM Linker, 5.03 [Build 76] [MDK-ARM Lite]

==============================================================================

Section Cross References

    startup.o(STACK) refers (Special) to heapauxi.o(.text) for __use_two_region_memory
    startup.o(HEAP) refers (Special) to heapauxi.o(.text) for __use_two_region_memory
    startup.o(RESET) refers (Special) to heapauxi.o(.text) for __use_two_region_memory
    startup.o(RESET) refers to startup.o(STACK) for StackMem
    startup.o(RESET) refers to adctestmain.o(i.Timer0A_Handler) for Timer0A_Handler
    startup.o(RESET) refers to adctestmain.o(i.Timer2A_Handler) for Timer2A_Handler
    startup.o(RESET) refers to __main.o(!!!main) for __main
    startup.o(.text) refers (Special) to heapauxi.o(.text) for __use_two_region_memory
    startup.o(.text) refers to startup.o(HEAP) for HeapMem
    startup.o(.text) refers to startup.o(STACK) for StackMem
    adctestmain.o(i.Timer0A_Handler) refers to adcswtrigger.o(i.ADC0_InSeq3) for ADC0_InSeq3
    adctestmain.o(i.Timer0A_Handler) refers to startup.o(.text) for DisableInterrupts
    adctestmain.o(i.Timer0A_Handler) refers to adctestmain.o(.data) for currentTime
    adctestmain.o(i.Timer0A_Handler) refers to adctestmain.o(.bss) for ADCData
    adctestmain.o(i.Timer0A_Init100HzInt) refers to startup.o(.text) for DisableInterrupts
    adctestmain.o(i.Timer1_Init) refers to adctestmain.o(.data) for startTime
    adctestmain.o(i.Timer2A_Init) refers to startup.o(.text) for DisableInterrupts
    adctestmain.o(i.main) refers to pll.o(i.PLL_Init) for PLL_Init
    adctestmain.o(i.main) refers to bufferfunctions.o(i.ST7735_InitR) for ST7735_InitR
    adctestmain.o(i.main) refers to bufferfunctions.o(i.PMF_Create) for PMF_Create
    adctestmain.o(i.main) refers to adctestmain.o(.bss) for pmf_array
    adctestmain.o(i.main1) refers to pll.o(i.PLL_Init) for PLL_Init
    adctestmain.o(i.main1) refers to adcswtrigger.o(i.ADC0_InitSWTriggerSeq3_Ch9) for ADC0_InitSWTriggerSeq3_Ch9
    adctestmain.o(i.main1) refers to adctestmain.o(i.Timer1_Init) for Timer1_Init
    adctestmain.o(i.main1) refers to adctestmain.o(i.Timer0A_Init100HzInt) for Timer0A_Init100HzInt
    adctestmain.o(i.main1) refers to startup.o(.text) for EnableInterrupts
    adctestmain.o(i.main1) refers to bufferfunctions.o(i.Jitter_Calc) for Jitter_Calc
    adctestmain.o(i.main1) refers to adctestmain.o(.data) for dataFlag
    adctestmain.o(i.main1) refers to adctestmain.o(.bss) for ADCTime
    bufferfunctions.o(i.Output_Clear) refers to bufferfunctions.o(i.ST7735_FillScreen) for ST7735_FillScreen
    bufferfunctions.o(i.Output_Color) refers to bufferfunctions.o(i.ST7735_SetTextColor) for ST7735_SetTextColor
    bufferfunctions.o(i.Output_Init) refers to bufferfunctions.o(i.ST7735_InitR) for ST7735_InitR
    bufferfunctions.o(i.Output_Init) refers to bufferfunctions.o(i.ST7735_FillScreen) for ST7735_FillScreen
    bufferfunctions.o(i.Output_Off) refers to bufferfunctions.o(i.Output_Clear) for Output_Clear
    bufferfunctions.o(i.Output_On) refers to bufferfunctions.o(i.Output_Init) for Output_Init
    bufferfunctions.o(i.PMF_Create) refers to _printf_percent.o(.ARM.Collect$$_printf_percent$$00000000) for _printf_percent
    bufferfunctions.o(i.PMF_Create) refers to _printf_d.o(.ARM.Collect$$_printf_percent$$00000009) for _printf_d
    bufferfunctions.o(i.PMF_Create) refers to _printf_dec.o(.text) for _printf_int_dec
    bufferfunctions.o(i.PMF_Create) refers to noretval__2sprintf.o(.text) for __2sprintf
    bufferfunctions.o(i.PMF_Create) refers to bufferfunctions.o(i.ST7735_OutString) for ST7735_OutString
    bufferfunctions.o(i.PMF_Create) refers to bufferfunctions.o(i.ST7735_PlotClear) for ST7735_PlotClear
    bufferfunctions.o(i.PMF_Create) refers to bufferfunctions.o(i.ST7735_PlotBar) for ST7735_PlotBar
    bufferfunctions.o(i.PMF_Create) refers to bufferfunctions.o(i.ST7735_PlotNext) for ST7735_PlotNext
    bufferfunctions.o(i.ST7735_DrawBitmap) refers to bufferfunctions.o(i.setAddrWindow) for setAddrWindow
    bufferfunctions.o(i.ST7735_DrawBitmap) refers to bufferfunctions.o(i.writedata) for writedata
    bufferfunctions.o(i.ST7735_DrawBitmap) refers to bufferfunctions.o(.data) for _width
    bufferfunctions.o(i.ST7735_DrawChar) refers to bufferfunctions.o(i.setAddrWindow) for setAddrWindow
    bufferfunctions.o(i.ST7735_DrawChar) refers to bufferfunctions.o(i.pushColor) for pushColor
    bufferfunctions.o(i.ST7735_DrawChar) refers to bufferfunctions.o(.data) for _width
    bufferfunctions.o(i.ST7735_DrawChar) refers to bufferfunctions.o(.constdata) for Font
    bufferfunctions.o(i.ST7735_DrawCharS) refers to bufferfunctions.o(i.ST7735_DrawPixel) for ST7735_DrawPixel
    bufferfunctions.o(i.ST7735_DrawCharS) refers to bufferfunctions.o(i.ST7735_FillRect) for ST7735_FillRect
    bufferfunctions.o(i.ST7735_DrawCharS) refers to bufferfunctions.o(.data) for _width
    bufferfunctions.o(i.ST7735_DrawCharS) refers to bufferfunctions.o(.constdata) for Font
    bufferfunctions.o(i.ST7735_DrawFastHLine) refers to bufferfunctions.o(i.setAddrWindow) for setAddrWindow
    bufferfunctions.o(i.ST7735_DrawFastHLine) refers to bufferfunctions.o(i.writedata) for writedata
    bufferfunctions.o(i.ST7735_DrawFastHLine) refers to bufferfunctions.o(.data) for _width
    bufferfunctions.o(i.ST7735_DrawFastVLine) refers to bufferfunctions.o(i.setAddrWindow) for setAddrWindow
    bufferfunctions.o(i.ST7735_DrawFastVLine) refers to bufferfunctions.o(i.writedata) for writedata
    bufferfunctions.o(i.ST7735_DrawFastVLine) refers to bufferfunctions.o(.data) for _width
    bufferfunctions.o(i.ST7735_DrawPixel) refers to bufferfunctions.o(i.setAddrWindow) for setAddrWindow
    bufferfunctions.o(i.ST7735_DrawPixel) refers to bufferfunctions.o(i.pushColor) for pushColor
    bufferfunctions.o(i.ST7735_DrawPixel) refers to bufferfunctions.o(.data) for _width
    bufferfunctions.o(i.ST7735_DrawString) refers to bufferfunctions.o(i.ST7735_DrawCharS) for ST7735_DrawCharS
    bufferfunctions.o(i.ST7735_FillRect) refers to bufferfunctions.o(i.setAddrWindow) for setAddrWindow
    bufferfunctions.o(i.ST7735_FillRect) refers to bufferfunctions.o(i.writedata) for writedata
    bufferfunctions.o(i.ST7735_FillRect) refers to bufferfunctions.o(.data) for _width
    bufferfunctions.o(i.ST7735_FillScreen) refers to bufferfunctions.o(i.ST7735_FillRect) for ST7735_FillRect
    bufferfunctions.o(i.ST7735_FillScreen) refers to bufferfunctions.o(.data) for _height
    bufferfunctions.o(i.ST7735_InitB) refers to bufferfunctions.o(i.commonInit) for commonInit
    bufferfunctions.o(i.ST7735_InitB) refers to bufferfunctions.o(i.ST7735_SetCursor) for ST7735_SetCursor
    bufferfunctions.o(i.ST7735_InitB) refers to bufferfunctions.o(i.ST7735_FillScreen) for ST7735_FillScreen
    bufferfunctions.o(i.ST7735_InitB) refers to bufferfunctions.o(.constdata) for Bcmd
    bufferfunctions.o(i.ST7735_InitB) refers to bufferfunctions.o(.data) for StTextColor
    bufferfunctions.o(i.ST7735_InitR) refers to bufferfunctions.o(i.commonInit) for commonInit
    bufferfunctions.o(i.ST7735_InitR) refers to bufferfunctions.o(i.commandList) for commandList
    bufferfunctions.o(i.ST7735_InitR) refers to bufferfunctions.o(i.writecommand) for writecommand
    bufferfunctions.o(i.ST7735_InitR) refers to bufferfunctions.o(i.writedata) for writedata
    bufferfunctions.o(i.ST7735_InitR) refers to bufferfunctions.o(i.ST7735_SetCursor) for ST7735_SetCursor
    bufferfunctions.o(i.ST7735_InitR) refers to bufferfunctions.o(i.ST7735_FillScreen) for ST7735_FillScreen
    bufferfunctions.o(i.ST7735_InitR) refers to bufferfunctions.o(.constdata) for Rcmd1
    bufferfunctions.o(i.ST7735_InitR) refers to bufferfunctions.o(.data) for ColStart
    bufferfunctions.o(i.ST7735_InvertDisplay) refers to bufferfunctions.o(i.writecommand) for writecommand
    bufferfunctions.o(i.ST7735_OutChar) refers to bufferfunctions.o(i.ST7735_DrawString) for ST7735_DrawString
    bufferfunctions.o(i.ST7735_OutChar) refers to bufferfunctions.o(i.ST7735_DrawCharS) for ST7735_DrawCharS
    bufferfunctions.o(i.ST7735_OutChar) refers to bufferfunctions.o(.data) for StY
    bufferfunctions.o(i.ST7735_OutString) refers to bufferfunctions.o(i.ST7735_OutChar) for ST7735_OutChar
    bufferfunctions.o(i.ST7735_OutUDec) refers to bufferfunctions.o(i.fillmessage) for fillmessage
    bufferfunctions.o(i.ST7735_OutUDec) refers to bufferfunctions.o(i.ST7735_DrawString) for ST7735_DrawString
    bufferfunctions.o(i.ST7735_OutUDec) refers to bufferfunctions.o(i.ST7735_DrawCharS) for ST7735_DrawCharS
    bufferfunctions.o(i.ST7735_OutUDec) refers to bufferfunctions.o(.data) for Messageindex
    bufferfunctions.o(i.ST7735_OutUDec) refers to bufferfunctions.o(.bss) for Message
    bufferfunctions.o(i.ST7735_PlotBar) refers to bufferfunctions.o(i.ST7735_DrawFastVLine) for ST7735_DrawFastVLine
    bufferfunctions.o(i.ST7735_PlotBar) refers to bufferfunctions.o(.data) for Ymin
    bufferfunctions.o(i.ST7735_PlotClear) refers to bufferfunctions.o(i.ST7735_Color565) for ST7735_Color565
    bufferfunctions.o(i.ST7735_PlotClear) refers to bufferfunctions.o(i.ST7735_FillRect) for ST7735_FillRect
    bufferfunctions.o(i.ST7735_PlotClear) refers to bufferfunctions.o(.data) for Ymax
    bufferfunctions.o(i.ST7735_PlotLine) refers to bufferfunctions.o(i.ST7735_DrawPixel) for ST7735_DrawPixel
    bufferfunctions.o(i.ST7735_PlotLine) refers to bufferfunctions.o(.data) for Ymin
    bufferfunctions.o(i.ST7735_PlotNext) refers to bufferfunctions.o(.data) for X
    bufferfunctions.o(i.ST7735_PlotNextErase) refers to bufferfunctions.o(i.ST7735_Color565) for ST7735_Color565
    bufferfunctions.o(i.ST7735_PlotNextErase) refers to bufferfunctions.o(i.ST7735_DrawFastVLine) for ST7735_DrawFastVLine
    bufferfunctions.o(i.ST7735_PlotNextErase) refers to bufferfunctions.o(.data) for X
    bufferfunctions.o(i.ST7735_PlotPoint) refers to bufferfunctions.o(i.ST7735_DrawPixel) for ST7735_DrawPixel
    bufferfunctions.o(i.ST7735_PlotPoint) refers to bufferfunctions.o(.data) for Ymin
    bufferfunctions.o(i.ST7735_PlotPoints) refers to bufferfunctions.o(i.ST7735_DrawPixel) for ST7735_DrawPixel
    bufferfunctions.o(i.ST7735_PlotPoints) refers to bufferfunctions.o(.data) for Ymin
    bufferfunctions.o(i.ST7735_PlotdBfs) refers to bufferfunctions.o(i.ST7735_DrawFastVLine) for ST7735_DrawFastVLine
    bufferfunctions.o(i.ST7735_PlotdBfs) refers to bufferfunctions.o(.constdata) for dBfs
    bufferfunctions.o(i.ST7735_PlotdBfs) refers to bufferfunctions.o(.data) for X
    bufferfunctions.o(i.ST7735_SetCursor) refers to bufferfunctions.o(.data) for StX
    bufferfunctions.o(i.ST7735_SetRotation) refers to bufferfunctions.o(i.writecommand) for writecommand
    bufferfunctions.o(i.ST7735_SetRotation) refers to bufferfunctions.o(i.writedata) for writedata
    bufferfunctions.o(i.ST7735_SetRotation) refers to bufferfunctions.o(.data) for Rotation
    bufferfunctions.o(i.ST7735_SetTextColor) refers to bufferfunctions.o(.data) for StTextColor
    bufferfunctions.o(i.commandList) refers to bufferfunctions.o(i.writecommand) for writecommand
    bufferfunctions.o(i.commandList) refers to bufferfunctions.o(i.writedata) for writedata
    bufferfunctions.o(i.commandList) refers to bufferfunctions.o(i.Delay1ms) for Delay1ms
    bufferfunctions.o(i.commonInit) refers to bufferfunctions.o(i.Delay1ms) for Delay1ms
    bufferfunctions.o(i.commonInit) refers to bufferfunctions.o(i.commandList) for commandList
    bufferfunctions.o(i.commonInit) refers to bufferfunctions.o(.data) for RowStart
    bufferfunctions.o(i.fillmessage) refers to bufferfunctions.o(.bss) for Message
    bufferfunctions.o(i.fillmessage) refers to bufferfunctions.o(.data) for Messageindex
    bufferfunctions.o(i.fputc) refers to bufferfunctions.o(i.ST7735_OutChar) for ST7735_OutChar
    bufferfunctions.o(i.pushColor) refers to bufferfunctions.o(i.writedata) for writedata
    bufferfunctions.o(i.setAddrWindow) refers to bufferfunctions.o(i.writecommand) for writecommand
    bufferfunctions.o(i.setAddrWindow) refers to bufferfunctions.o(i.writedata) for writedata
    bufferfunctions.o(i.setAddrWindow) refers to bufferfunctions.o(.data) for ColStart
    __2sprintf.o(.text) refers to _printf_char_common.o(.text) for _printf_char_common
    __2sprintf.o(.text) refers to _sputc.o(.text) for _sputc
    noretval__2sprintf.o(.text) refers to _printf_char_common.o(.text) for _printf_char_common
    noretval__2sprintf.o(.text) refers to _sputc.o(.text) for _sputc
    __printf.o(.text) refers to _printf_percent.o(.ARM.Collect$$_printf_percent$$00000000) for _printf_percent
    _printf_dec.o(.text) refers to _printf_intcommon.o(.text) for _printf_int_common
    __printf_flags.o(.text) refers to _printf_percent.o(.ARM.Collect$$_printf_percent$$00000000) for _printf_percent
    __printf_flags.o(.text) refers to __printf_flags.o(.constdata) for .constdata
    __printf_ss.o(.text) refers to _printf_percent.o(.ARM.Collect$$_printf_percent$$00000000) for _printf_percent
    __printf_flags_ss.o(.text) refers to _printf_percent.o(.ARM.Collect$$_printf_percent$$00000000) for _printf_percent
    __printf_flags_ss.o(.text) refers to __printf_flags_ss.o(.constdata) for .constdata
    __printf_wp.o(.text) refers to __printf_wp.o(i._is_digit) for _is_digit
    __printf_wp.o(.text) refers to _printf_percent.o(.ARM.Collect$$_printf_percent$$00000000) for _printf_percent
    __printf_flags_wp.o(.text) refers to __printf_wp.o(i._is_digit) for _is_digit
    __printf_flags_wp.o(.text) refers to _printf_percent.o(.ARM.Collect$$_printf_percent$$00000000) for _printf_percent
    __printf_flags_wp.o(.text) refers to __printf_flags_wp.o(.constdata) for .constdata
    __printf_ss_wp.o(.text) refers to __printf_wp.o(i._is_digit) for _is_digit
    __printf_ss_wp.o(.text) refers to _printf_percent.o(.ARM.Collect$$_printf_percent$$00000000) for _printf_percent
    __printf_flags_ss_wp.o(.text) refers to __printf_wp.o(i._is_digit) for _is_digit
    __printf_flags_ss_wp.o(.text) refers to _printf_percent.o(.ARM.Collect$$_printf_percent$$00000000) for _printf_percent
    __printf_flags_ss_wp.o(.text) refers to __printf_flags_ss_wp.o(.constdata) for .constdata
    _printf_d.o(.ARM.Collect$$_printf_percent$$00000009) refers (Weak) to _printf_dec.o(.text) for _printf_int_dec
    _printf_percent.o(.ARM.Collect$$_printf_percent$$00000000) refers (Special) to _printf_percent_end.o(.ARM.Collect$$_printf_percent$$00000017) for _printf_percent_end
    __main.o(!!!main) refers to rtentry.o(.ARM.Collect$$rtentry$$00000000) for __rt_entry
    rtentry.o(.ARM.Collect$$rtentry$$00000000) refers (Special) to rtentry2.o(.ARM.Collect$$rtentry$$0000000A) for __rt_entry_li
    rtentry.o(.ARM.Collect$$rtentry$$00000000) refers (Special) to rtentry2.o(.ARM.Collect$$rtentry$$0000000D) for __rt_entry_main
    rtentry.o(.ARM.Collect$$rtentry$$00000000) refers (Special) to rtentry2.o(.ARM.Collect$$rtentry$$0000000C) for __rt_entry_postli_1
    rtentry.o(.ARM.Collect$$rtentry$$00000000) refers (Special) to rtentry2.o(.ARM.Collect$$rtentry$$00000009) for __rt_entry_postsh_1
    rtentry.o(.ARM.Collect$$rtentry$$00000000) refers (Special) to rtentry2.o(.ARM.Collect$$rtentry$$00000002) for __rt_entry_presh_1
    rtentry.o(.ARM.Collect$$rtentry$$00000000) refers (Special) to rtentry4.o(.ARM.Collect$$rtentry$$00000004) for __rt_entry_sh
    _printf_char_common.o(.text) refers to __printf.o(.text) for __printf
    rtentry2.o(.ARM.Collect$$rtentry$$00000008) refers to boardinit2.o(.text) for _platform_post_stackheap_init
    rtentry2.o(.ARM.Collect$$rtentry$$0000000A) refers to libinit.o(.ARM.Collect$$libinit$$00000000) for __rt_lib_init
    rtentry2.o(.ARM.Collect$$rtentry$$0000000B) refers to boardinit3.o(.text) for _platform_post_lib_init
    rtentry2.o(.ARM.Collect$$rtentry$$0000000D) refers to adctestmain.o(i.main) for main
    rtentry2.o(.ARM.Collect$$rtentry$$0000000D) refers to exit.o(.text) for exit
    rtentry2.o(.ARM.exidx) refers to rtentry2.o(.ARM.Collect$$rtentry$$00000001) for .ARM.Collect$$rtentry$$00000001
    rtentry2.o(.ARM.exidx) refers to rtentry2.o(.ARM.Collect$$rtentry$$00000008) for .ARM.Collect$$rtentry$$00000008
    rtentry2.o(.ARM.exidx) refers to rtentry2.o(.ARM.Collect$$rtentry$$0000000A) for .ARM.Collect$$rtentry$$0000000A
    rtentry2.o(.ARM.exidx) refers to rtentry2.o(.ARM.Collect$$rtentry$$0000000B) for .ARM.Collect$$rtentry$$0000000B
    rtentry2.o(.ARM.exidx) refers to rtentry2.o(.ARM.Collect$$rtentry$$0000000D) for .ARM.Collect$$rtentry$$0000000D
    rtentry4.o(.ARM.Collect$$rtentry$$00000004) refers to sys_stackheap_outer.o(.text) for __user_setup_stackheap
    rtentry4.o(.ARM.exidx) refers to rtentry4.o(.ARM.Collect$$rtentry$$00000004) for .ARM.Collect$$rtentry$$00000004
    sys_stackheap_outer.o(.text) refers to libspace.o(.text) for __user_perproc_libspace
    sys_stackheap_outer.o(.text) refers to startup.o(.text) for __user_initial_stackheap
    exit.o(.text) refers to rtexit.o(.ARM.Collect$$rtexit$$00000000) for __rt_exit
    libinit.o(.ARM.Collect$$libinit$$00000000) refers (Special) to libinit2.o(.ARM.Collect$$libinit$$0000002C) for __rt_lib_init_alloca_1
    libinit.o(.ARM.Collect$$libinit$$00000000) refers (Special) to libinit2.o(.ARM.Collect$$libinit$$0000002A) for __rt_lib_init_argv_1
    libinit.o(.ARM.Collect$$libinit$$00000000) refers (Special) to libinit2.o(.ARM.Collect$$libinit$$00000019) for __rt_lib_init_atexit_1
    libinit.o(.ARM.Collect$$libinit$$00000000) refers (Special) to libinit2.o(.ARM.Collect$$libinit$$0000001F) for __rt_lib_init_clock_1
    libinit.o(.ARM.Collect$$libinit$$00000000) refers (Special) to libinit2.o(.ARM.Collect$$libinit$$00000030) for __rt_lib_init_cpp_1
    libinit.o(.ARM.Collect$$libinit$$00000000) refers (Special) to libinit2.o(.ARM.Collect$$libinit$$0000002E) for __rt_lib_init_exceptions_1
    libinit.o(.ARM.Collect$$libinit$$00000000) refers (Special) to libinit2.o(.ARM.Collect$$libinit$$00000002) for __rt_lib_init_fp_1
    libinit.o(.ARM.Collect$$libinit$$00000000) refers (Special) to libinit2.o(.ARM.Collect$$libinit$$0000001D) for __rt_lib_init_fp_trap_1
    libinit.o(.ARM.Collect$$libinit$$00000000) refers (Special) to libinit2.o(.ARM.Collect$$libinit$$00000021) for __rt_lib_init_getenv_1
    libinit.o(.ARM.Collect$$libinit$$00000000) refers (Special) to libinit2.o(.ARM.Collect$$libinit$$00000008) for __rt_lib_init_heap_1
    libinit.o(.ARM.Collect$$libinit$$00000000) refers (Special) to libinit2.o(.ARM.Collect$$libinit$$0000000F) for __rt_lib_init_lc_collate_1
    libinit.o(.ARM.Collect$$libinit$$00000000) refers (Special) to libinit2.o(.ARM.Collect$$libinit$$00000011) for __rt_lib_init_lc_ctype_1
    libinit.o(.ARM.Collect$$libinit$$00000000) refers (Special) to libinit2.o(.ARM.Collect$$libinit$$00000013) for __rt_lib_init_lc_monetary_1
    libinit.o(.ARM.Collect$$libinit$$00000000) refers (Special) to libinit2.o(.ARM.Collect$$libinit$$00000015) for __rt_lib_init_lc_numeric_1
    libinit.o(.ARM.Collect$$libinit$$00000000) refers (Special) to libinit2.o(.ARM.Collect$$libinit$$00000017) for __rt_lib_init_lc_time_1
    libinit.o(.ARM.Collect$$libinit$$00000000) refers (Special) to libinit2.o(.ARM.Collect$$libinit$$0000000C) for __rt_lib_init_rand_1
    libinit.o(.ARM.Collect$$libinit$$00000000) refers (Special) to libinit2.o(.ARM.Collect$$libinit$$00000031) for __rt_lib_init_return
    libinit.o(.ARM.Collect$$libinit$$00000000) refers (Special) to libinit2.o(.ARM.Collect$$libinit$$0000001B) for __rt_lib_init_signal_1
    libinit.o(.ARM.Collect$$libinit$$00000000) refers (Special) to libinit2.o(.ARM.Collect$$libinit$$00000023) for __rt_lib_init_stdio_1
    libinit.o(.ARM.Collect$$libinit$$00000000) refers (Special) to libinit2.o(.ARM.Collect$$libinit$$0000000A) for __rt_lib_init_user_alloc_1
    libspace.o(.text) refers to libspace.o(.bss) for __libspace_start
    rtexit.o(.ARM.Collect$$rtexit$$00000000) refers (Special) to rtexit2.o(.ARM.Collect$$rtexit$$00000004) for __rt_exit_exit
    rtexit.o(.ARM.Collect$$rtexit$$00000000) refers (Special) to rtexit2.o(.ARM.Collect$$rtexit$$00000003) for __rt_exit_ls
    rtexit.o(.ARM.Collect$$rtexit$$00000000) refers (Special) to rtexit2.o(.ARM.Collect$$rtexit$$00000002) for __rt_exit_prels_1
    rtexit.o(.ARM.exidx) refers (Special) to rtexit2.o(.ARM.Collect$$rtexit$$00000004) for __rt_exit_exit
    rtexit.o(.ARM.exidx) refers (Special) to rtexit2.o(.ARM.Collect$$rtexit$$00000003) for __rt_exit_ls
    rtexit.o(.ARM.exidx) refers (Special) to rtexit2.o(.ARM.Collect$$rtexit$$00000002) for __rt_exit_prels_1
    rtexit.o(.ARM.exidx) refers to rtexit.o(.ARM.Collect$$rtexit$$00000000) for .ARM.Collect$$rtexit$$00000000
    libinit2.o(.ARM.Collect$$libinit$$0000000E) refers to libinit2.o(.ARM.Collect$$libinit$$0000000D) for .ARM.Collect$$libinit$$0000000D
    libinit2.o(.ARM.Collect$$libinit$$00000010) refers to libinit2.o(.ARM.Collect$$libinit$$0000000D) for .ARM.Collect$$libinit$$0000000D
    libinit2.o(.ARM.Collect$$libinit$$00000012) refers to libinit2.o(.ARM.Collect$$libinit$$0000000D) for .ARM.Collect$$libinit$$0000000D
    libinit2.o(.ARM.Collect$$libinit$$00000014) refers to libinit2.o(.ARM.Collect$$libinit$$0000000D) for .ARM.Collect$$libinit$$0000000D
    libinit2.o(.ARM.Collect$$libinit$$00000016) refers to libinit2.o(.ARM.Collect$$libinit$$0000000D) for .ARM.Collect$$libinit$$0000000D
    libinit2.o(.ARM.Collect$$libinit$$00000024) refers to argv_veneer.o(.emb_text) for __ARM_argv_veneer
    libinit2.o(.ARM.Collect$$libinit$$00000025) refers to argv_veneer.o(.emb_text) for __ARM_argv_veneer
    rtexit2.o(.ARM.Collect$$rtexit$$00000003) refers to libshutdown.o(.ARM.Collect$$libshutdown$$00000000) for __rt_lib_shutdown
    rtexit2.o(.ARM.Collect$$rtexit$$00000004) refers to sys_exit.o(.text) for _sys_exit
    rtexit2.o(.ARM.exidx) refers to rtexit2.o(.ARM.Collect$$rtexit$$00000001) for .ARM.Collect$$rtexit$$00000001
    rtexit2.o(.ARM.exidx) refers to rtexit2.o(.ARM.Collect$$rtexit$$00000003) for .ARM.Collect$$rtexit$$00000003
    rtexit2.o(.ARM.exidx) refers to rtexit2.o(.ARM.Collect$$rtexit$$00000004) for .ARM.Collect$$rtexit$$00000004
    argv_veneer.o(.emb_text) refers to no_argv.o(.text) for __ARM_get_argv
    sys_exit.o(.text) refers (Special) to use_no_semi.o(.text) for __I$use$semihosting
    sys_exit.o(.text) refers (Special) to indicate_semi.o(.text) for __semihosting_library_function
    _get_argv_nomalloc.o(.text) refers (Special) to hrguard.o(.text) for __heap_region$guard
    _get_argv_nomalloc.o(.text) refers to defsig_rtmem_outer.o(.text) for __rt_SIGRTMEM
    _get_argv_nomalloc.o(.text) refers to sys_command.o(.text) for _sys_command_string
    libshutdown.o(.ARM.Collect$$libshutdown$$00000000) refers (Special) to libshutdown2.o(.ARM.Collect$$libshutdown$$00000006) for __rt_lib_shutdown_fp_trap_1
    libshutdown.o(.ARM.Collect$$libshutdown$$00000000) refers (Special) to libshutdown2.o(.ARM.Collect$$libshutdown$$0000000E) for __rt_lib_shutdown_heap_1
    libshutdown.o(.ARM.Collect$$libshutdown$$00000000) refers (Special) to libshutdown2.o(.ARM.Collect$$libshutdown$$0000000F) for __rt_lib_shutdown_return
    libshutdown.o(.ARM.Collect$$libshutdown$$00000000) refers (Special) to libshutdown2.o(.ARM.Collect$$libshutdown$$00000009) for __rt_lib_shutdown_signal_1
    libshutdown.o(.ARM.Collect$$libshutdown$$00000000) refers (Special) to libshutdown2.o(.ARM.Collect$$libshutdown$$00000003) for __rt_lib_shutdown_stdio_1
    libshutdown.o(.ARM.Collect$$libshutdown$$00000000) refers (Special) to libshutdown2.o(.ARM.Collect$$libshutdown$$0000000B) for __rt_lib_shutdown_user_alloc_1
    sys_command.o(.text) refers (Special) to use_no_semi.o(.text) for __I$use$semihosting
    sys_command.o(.text) refers (Special) to indicate_semi.o(.text) for __semihosting_library_function
    defsig_rtmem_outer.o(.text) refers to defsig_rtmem_inner.o(.text) for __rt_SIGRTMEM_inner
    defsig_rtmem_outer.o(.text) refers to defsig_exit.o(.text) for __sig_exit
    defsig_rtmem_formal.o(.text) refers to rt_raise.o(.text) for __rt_raise
    rt_raise.o(.text) refers to __raise.o(.text) for __raise
    rt_raise.o(.text) refers to sys_exit.o(.text) for _sys_exit
    defsig_exit.o(.text) refers to sys_exit.o(.text) for _sys_exit
    defsig_rtmem_inner.o(.text) refers to defsig_general.o(.text) for __default_signal_display
    __raise.o(.text) refers to defsig.o(CL$$defsig) for __default_signal_handler
    defsig_general.o(.text) refers to sys_wrch.o(.text) for _ttywrch
    sys_wrch.o(.text) refers (Special) to use_no_semi.o(.text) for __I$use$semihosting
    sys_wrch.o(.text) refers (Special) to indicate_semi.o(.text) for __semihosting_library_function
    defsig.o(CL$$defsig) refers to defsig_rtmem_inner.o(.text) for __rt_SIGRTMEM_inner
    defsig_abrt_inner.o(.text) refers to defsig_general.o(.text) for __default_signal_display
    defsig_fpe_inner.o(.text) refers to defsig_general.o(.text) for __default_signal_display
    defsig_rtred_inner.o(.text) refers to defsig_general.o(.text) for __default_signal_display
    defsig_stak_inner.o(.text) refers to defsig_general.o(.text) for __default_signal_display
    defsig_pvfn_inner.o(.text) refers to defsig_general.o(.text) for __default_signal_display
    defsig_cppl_inner.o(.text) refers to defsig_general.o(.text) for __default_signal_display
    defsig_segv_inner.o(.text) refers to defsig_general.o(.text) for __default_signal_display
    defsig_other.o(.text) refers to defsig_general.o(.text) for __default_signal_display


==============================================================================

Removing Unused input sections from the image.

    Removing adcswtrigger.o(i.ADC0_InitSWTriggerSeq3_Ch9), (244 bytes).
    Removing adctestmain.o(i.Timer0A_Init100HzInt), (128 bytes).
    Removing adctestmain.o(i.Timer1_Init), (112 bytes).
    Removing adctestmain.o(i.Timer2A_Init), (136 bytes).
    Removing adctestmain.o(i.main1), (180 bytes).
    Removing bufferfunctions.o(i.Jitter_Calc), (74 bytes).
    Removing bufferfunctions.o(i.Output_Clear), (10 bytes).
    Removing bufferfunctions.o(i.Output_Color), (12 bytes).
    Removing bufferfunctions.o(i.Output_Init), (16 bytes).
    Removing bufferfunctions.o(i.Output_Off), (8 bytes).
    Removing bufferfunctions.o(i.Output_On), (8 bytes).
    Removing bufferfunctions.o(i.ST7735_DrawBitmap), (288 bytes).
    Removing bufferfunctions.o(i.ST7735_DrawChar), (268 bytes).
    Removing bufferfunctions.o(i.ST7735_DrawFastHLine), (124 bytes).
    Removing bufferfunctions.o(i.ST7735_InitB), (40 bytes).
    Removing bufferfunctions.o(i.ST7735_InvertDisplay), (22 bytes).
    Removing bufferfunctions.o(i.ST7735_OutUDec), (140 bytes).
    Removing bufferfunctions.o(i.ST7735_PlotLine), (264 bytes).
    Removing bufferfunctions.o(i.ST7735_PlotNextErase), (64 bytes).
    Removing bufferfunctions.o(i.ST7735_PlotPoint), (152 bytes).
    Removing bufferfunctions.o(i.ST7735_PlotPoints), (172 bytes).
    Removing bufferfunctions.o(i.ST7735_PlotdBfs), (60 bytes).
    Removing bufferfunctions.o(i.ST7735_SetRotation), (212 bytes).
    Removing bufferfunctions.o(i.ST7735_SetTextColor), (12 bytes).
    Removing bufferfunctions.o(i.ST7735_SwapColor), (18 bytes).
    Removing bufferfunctions.o(i.ferror), (8 bytes).
    Removing bufferfunctions.o(i.fgetc), (6 bytes).
    Removing bufferfunctions.o(i.fillmessage), (72 bytes).
    Removing bufferfunctions.o(i.fputc), (16 bytes).
    Removing bufferfunctions.o(.bss), (12 bytes).

30 unused section(s) (total 2878 bytes) removed from the image.

==============================================================================

Image Symbol Table

    Local Symbols

    Symbol Name                              Value     Ov Type        Size  Object(Section)

    RESET                                    0x00000000   Section      644  startup.o(RESET)
    ../clib/angel/boardlib.s                 0x00000000   Number         0  boardinit1.o ABSOLUTE
    ../clib/angel/boardlib.s                 0x00000000   Number         0  boardshut.o ABSOLUTE
    ../clib/angel/boardlib.s                 0x00000000   Number         0  boardinit2.o ABSOLUTE
    ../clib/angel/boardlib.s                 0x00000000   Number         0  boardinit3.o ABSOLUTE
    ../clib/angel/handlers.s                 0x00000000   Number         0  __scatter_copy.o ABSOLUTE
    ../clib/angel/handlers.s                 0x00000000   Number         0  __scatter_zi.o ABSOLUTE
    ../clib/angel/kernel.s                   0x00000000   Number         0  rtexit2.o ABSOLUTE
    ../clib/angel/kernel.s                   0x00000000   Number         0  rtentry4.o ABSOLUTE
    ../clib/angel/kernel.s                   0x00000000   Number         0  rtexit.o ABSOLUTE
    ../clib/angel/kernel.s                   0x00000000   Number         0  rtentry2.o ABSOLUTE
    ../clib/angel/kernel.s                   0x00000000   Number         0  rtentry.o ABSOLUTE
    ../clib/angel/rt.s                       0x00000000   Number         0  rt_raise.o ABSOLUTE
    ../clib/angel/scatter.s                  0x00000000   Number         0  __scatter.o ABSOLUTE
    ../clib/angel/startup.s                  0x00000000   Number         0  __main.o ABSOLUTE
    ../clib/angel/sys.s                      0x00000000   Number         0  sys_stackheap_outer.o ABSOLUTE
    ../clib/angel/sys.s                      0x00000000   Number         0  use_no_semi.o ABSOLUTE
    ../clib/angel/sys.s                      0x00000000   Number         0  indicate_semi.o ABSOLUTE
    ../clib/angel/sys.s                      0x00000000   Number         0  libspace.o ABSOLUTE
    ../clib/angel/sysapp.c                   0x00000000   Number         0  sys_wrch.o ABSOLUTE
    ../clib/angel/sysapp.c                   0x00000000   Number         0  sys_command.o ABSOLUTE
    ../clib/angel/sysapp.c                   0x00000000   Number         0  sys_exit.o ABSOLUTE
    ../clib/armsys.c                         0x00000000   Number         0  no_argv.o ABSOLUTE
    ../clib/armsys.c                         0x00000000   Number         0  _get_argv_nomalloc.o ABSOLUTE
    ../clib/armsys.c                         0x00000000   Number         0  argv_veneer.o ABSOLUTE
    ../clib/armsys.c                         0x00000000   Number         0  argv_veneer.o ABSOLUTE
    ../clib/heapalloc.c                      0x00000000   Number         0  hrguard.o ABSOLUTE
    ../clib/heapaux.c                        0x00000000   Number         0  heapauxi.o ABSOLUTE
    ../clib/libinit.s                        0x00000000   Number         0  libinit2.o ABSOLUTE
    ../clib/libinit.s                        0x00000000   Number         0  libshutdown2.o ABSOLUTE
    ../clib/libinit.s                        0x00000000   Number         0  libshutdown.o ABSOLUTE
    ../clib/libinit.s                        0x00000000   Number         0  libinit.o ABSOLUTE
    ../clib/printf.c                         0x00000000   Number         0  _printf_dec.o ABSOLUTE
    ../clib/printf.c                         0x00000000   Number         0  __printf.o ABSOLUTE
    ../clib/printf.c                         0x00000000   Number         0  noretval__2sprintf.o ABSOLUTE
    ../clib/printf.c                         0x00000000   Number         0  __2sprintf.o ABSOLUTE
    ../clib/printf.c                         0x00000000   Number         0  __printf_flags_wp.o ABSOLUTE
    ../clib/printf.c                         0x00000000   Number         0  __printf_flags_ss.o ABSOLUTE
    ../clib/printf.c                         0x00000000   Number         0  __printf_wp.o ABSOLUTE
    ../clib/printf.c                         0x00000000   Number         0  _sputc.o ABSOLUTE
    ../clib/printf.c                         0x00000000   Number         0  __printf_flags.o ABSOLUTE
    ../clib/printf.c                         0x00000000   Number         0  __printf_nopercent.o ABSOLUTE
    ../clib/printf.c                         0x00000000   Number         0  __printf_flags_ss_wp.o ABSOLUTE
    ../clib/printf.c                         0x00000000   Number         0  __printf_ss.o ABSOLUTE
    ../clib/printf.c                         0x00000000   Number         0  __printf_ss_wp.o ABSOLUTE
    ../clib/printf.c                         0x00000000   Number         0  _printf_intcommon.o ABSOLUTE
    ../clib/printf.c                         0x00000000   Number         0  _printf_char_common.o ABSOLUTE
    ../clib/printf_percent.s                 0x00000000   Number         0  _printf_percent.o ABSOLUTE
    ../clib/printf_percent.s                 0x00000000   Number         0  _printf_percent_end.o ABSOLUTE
    ../clib/printf_percent.s                 0x00000000   Number         0  _printf_d.o ABSOLUTE
    ../clib/signal.c                         0x00000000   Number         0  defsig_rtmem_formal.o ABSOLUTE
    ../clib/signal.c                         0x00000000   Number         0  defsig_rtmem_outer.o ABSOLUTE
    ../clib/signal.c                         0x00000000   Number         0  defsig_general.o ABSOLUTE
    ../clib/signal.c                         0x00000000   Number         0  defsig_segv_inner.o ABSOLUTE
    ../clib/signal.c                         0x00000000   Number         0  defsig_cppl_inner.o ABSOLUTE
    ../clib/signal.c                         0x00000000   Number         0  defsig_pvfn_inner.o ABSOLUTE
    ../clib/signal.c                         0x00000000   Number         0  defsig_stak_inner.o ABSOLUTE
    ../clib/signal.c                         0x00000000   Number         0  defsig_rtred_inner.o ABSOLUTE
    ../clib/signal.c                         0x00000000   Number         0  defsig_fpe_inner.o ABSOLUTE
    ../clib/signal.c                         0x00000000   Number         0  defsig_abrt_inner.o ABSOLUTE
    ../clib/signal.c                         0x00000000   Number         0  __raise.o ABSOLUTE
    ../clib/signal.c                         0x00000000   Number         0  defsig_other.o ABSOLUTE
    ../clib/signal.c                         0x00000000   Number         0  defsig_rtmem_inner.o ABSOLUTE
    ../clib/signal.c                         0x00000000   Number         0  defsig_exit.o ABSOLUTE
    ../clib/signal.s                         0x00000000   Number         0  defsig.o ABSOLUTE
    ../clib/stdlib.c                         0x00000000   Number         0  exit.o ABSOLUTE
    ../fplib/fpinit.s                        0x00000000   Number         0  fpinit.o ABSOLUTE
    ADCSWTrigger.c                           0x00000000   Number         0  adcswtrigger.o ABSOLUTE
    ADCTestMain.c                            0x00000000   Number         0  adctestmain.o ABSOLUTE
    BufferFunctions.c                        0x00000000   Number         0  bufferfunctions.o ABSOLUTE
    PLL.c                                    0x00000000   Number         0  pll.o ABSOLUTE
    dc.s                                     0x00000000   Number         0  dc.o ABSOLUTE
    startup.s                                0x00000000   Number         0  startup.o ABSOLUTE
    !!!main                                  0x00000284   Section        8  __main.o(!!!main)
    !!!scatter                               0x0000028c   Section       52  __scatter.o(!!!scatter)
    !!handler_copy                           0x000002c0   Section       26  __scatter_copy.o(!!handler_copy)
    !!handler_zi                             0x000002dc   Section       28  __scatter_zi.o(!!handler_zi)
    .ARM.Collect$$_printf_percent$$00000000  0x000002f8   Section        0  _printf_percent.o(.ARM.Collect$$_printf_percent$$00000000)
    .ARM.Collect$$_printf_percent$$00000009  0x000002f8   Section        6  _printf_d.o(.ARM.Collect$$_printf_percent$$00000009)
    .ARM.Collect$$_printf_percent$$00000017  0x000002fe   Section        4  _printf_percent_end.o(.ARM.Collect$$_printf_percent$$00000017)
    .ARM.Collect$$libinit$$00000000          0x00000302   Section        2  libinit.o(.ARM.Collect$$libinit$$00000000)
    .ARM.Collect$$libinit$$00000002          0x00000304   Section        0  libinit2.o(.ARM.Collect$$libinit$$00000002)
    .ARM.Collect$$libinit$$00000008          0x00000304   Section        0  libinit2.o(.ARM.Collect$$libinit$$00000008)
    .ARM.Collect$$libinit$$0000000A          0x00000304   Section        0  libinit2.o(.ARM.Collect$$libinit$$0000000A)
    .ARM.Collect$$libinit$$0000000C          0x00000304   Section        0  libinit2.o(.ARM.Collect$$libinit$$0000000C)
    .ARM.Collect$$libinit$$0000000F          0x00000304   Section        0  libinit2.o(.ARM.Collect$$libinit$$0000000F)
    .ARM.Collect$$libinit$$00000011          0x00000304   Section        0  libinit2.o(.ARM.Collect$$libinit$$00000011)
    .ARM.Collect$$libinit$$00000013          0x00000304   Section        0  libinit2.o(.ARM.Collect$$libinit$$00000013)
    .ARM.Collect$$libinit$$00000015          0x00000304   Section        0  libinit2.o(.ARM.Collect$$libinit$$00000015)
    .ARM.Collect$$libinit$$00000017          0x00000304   Section        0  libinit2.o(.ARM.Collect$$libinit$$00000017)
    .ARM.Collect$$libinit$$00000019          0x00000304   Section        0  libinit2.o(.ARM.Collect$$libinit$$00000019)
    .ARM.Collect$$libinit$$0000001B          0x00000304   Section        0  libinit2.o(.ARM.Collect$$libinit$$0000001B)
    .ARM.Collect$$libinit$$0000001D          0x00000304   Section        0  libinit2.o(.ARM.Collect$$libinit$$0000001D)
    .ARM.Collect$$libinit$$0000001F          0x00000304   Section        0  libinit2.o(.ARM.Collect$$libinit$$0000001F)
    .ARM.Collect$$libinit$$00000021          0x00000304   Section        0  libinit2.o(.ARM.Collect$$libinit$$00000021)
    .ARM.Collect$$libinit$$00000023          0x00000304   Section        0  libinit2.o(.ARM.Collect$$libinit$$00000023)
    .ARM.Collect$$libinit$$0000002A          0x00000304   Section        0  libinit2.o(.ARM.Collect$$libinit$$0000002A)
    .ARM.Collect$$libinit$$0000002C          0x00000304   Section        0  libinit2.o(.ARM.Collect$$libinit$$0000002C)
    .ARM.Collect$$libinit$$0000002E          0x00000304   Section        0  libinit2.o(.ARM.Collect$$libinit$$0000002E)
    .ARM.Collect$$libinit$$00000030          0x00000304   Section        0  libinit2.o(.ARM.Collect$$libinit$$00000030)
    .ARM.Collect$$libinit$$00000031          0x00000304   Section        2  libinit2.o(.ARM.Collect$$libinit$$00000031)
    .ARM.Collect$$libshutdown$$00000000      0x00000306   Section        2  libshutdown.o(.ARM.Collect$$libshutdown$$00000000)
    .ARM.Collect$$libshutdown$$00000003      0x00000308   Section        0  libshutdown2.o(.ARM.Collect$$libshutdown$$00000003)
    .ARM.Collect$$libshutdown$$00000006      0x00000308   Section        0  libshutdown2.o(.ARM.Collect$$libshutdown$$00000006)
    .ARM.Collect$$libshutdown$$00000009      0x00000308   Section        0  libshutdown2.o(.ARM.Collect$$libshutdown$$00000009)
    .ARM.Collect$$libshutdown$$0000000B      0x00000308   Section        0  libshutdown2.o(.ARM.Collect$$libshutdown$$0000000B)
    .ARM.Collect$$libshutdown$$0000000E      0x00000308   Section        0  libshutdown2.o(.ARM.Collect$$libshutdown$$0000000E)
    .ARM.Collect$$libshutdown$$0000000F      0x00000308   Section        2  libshutdown2.o(.ARM.Collect$$libshutdown$$0000000F)
    .ARM.Collect$$rtentry$$00000000          0x0000030a   Section        0  rtentry.o(.ARM.Collect$$rtentry$$00000000)
    .ARM.Collect$$rtentry$$00000002          0x0000030a   Section        0  rtentry2.o(.ARM.Collect$$rtentry$$00000002)
    .ARM.Collect$$rtentry$$00000004          0x0000030a   Section        6  rtentry4.o(.ARM.Collect$$rtentry$$00000004)
    .ARM.Collect$$rtentry$$00000009          0x00000310   Section        0  rtentry2.o(.ARM.Collect$$rtentry$$00000009)
    .ARM.Collect$$rtentry$$0000000A          0x00000310   Section        4  rtentry2.o(.ARM.Collect$$rtentry$$0000000A)
    .ARM.Collect$$rtentry$$0000000C          0x00000314   Section        0  rtentry2.o(.ARM.Collect$$rtentry$$0000000C)
    .ARM.Collect$$rtentry$$0000000D          0x00000314   Section        8  rtentry2.o(.ARM.Collect$$rtentry$$0000000D)
    .ARM.Collect$$rtexit$$00000000           0x0000031c   Section        2  rtexit.o(.ARM.Collect$$rtexit$$00000000)
    .ARM.Collect$$rtexit$$00000002           0x0000031e   Section        0  rtexit2.o(.ARM.Collect$$rtexit$$00000002)
    .ARM.Collect$$rtexit$$00000003           0x0000031e   Section        4  rtexit2.o(.ARM.Collect$$rtexit$$00000003)
    .ARM.Collect$$rtexit$$00000004           0x00000322   Section        6  rtexit2.o(.ARM.Collect$$rtexit$$00000004)
    .text                                    0x00000328   Section       48  startup.o(.text)
    .text                                    0x00000358   Section        0  noretval__2sprintf.o(.text)
    .text                                    0x00000380   Section        0  __printf.o(.text)
    .text                                    0x000003e8   Section        0  _printf_dec.o(.text)
    .text                                    0x00000460   Section        0  heapauxi.o(.text)
    .text                                    0x00000466   Section        0  _printf_intcommon.o(.text)
    .text                                    0x00000520   Section        0  _printf_char_common.o(.text)
    _printf_input_char                       0x00000521   Thumb Code    10  _printf_char_common.o(.text)
    .text                                    0x00000550   Section        0  _sputc.o(.text)
    .text                                    0x0000055a   Section       74  sys_stackheap_outer.o(.text)
    .text                                    0x000005a4   Section        0  exit.o(.text)
    .text                                    0x000005b0   Section        8  libspace.o(.text)
    .text                                    0x000005b8   Section        0  sys_exit.o(.text)
    .text                                    0x000005c4   Section        2  use_no_semi.o(.text)
    .text                                    0x000005c6   Section        0  indicate_semi.o(.text)
    i.ADC0_InSeq3                            0x000005c8   Section        0  adcswtrigger.o(i.ADC0_InSeq3)
    i.Delay1ms                               0x000005f4   Section        0  bufferfunctions.o(i.Delay1ms)
    i.PLL_Init                               0x00000614   Section        0  pll.o(i.PLL_Init)
    i.PMF_Create                             0x00000690   Section        0  bufferfunctions.o(i.PMF_Create)
    i.ST7735_Color565                        0x0000081c   Section        0  bufferfunctions.o(i.ST7735_Color565)
    i.ST7735_DrawCharS                       0x00000834   Section        0  bufferfunctions.o(i.ST7735_DrawCharS)
    i.ST7735_DrawFastVLine                   0x00000928   Section        0  bufferfunctions.o(i.ST7735_DrawFastVLine)
    i.ST7735_DrawPixel                       0x000009a4   Section        0  bufferfunctions.o(i.ST7735_DrawPixel)
    i.ST7735_DrawString                      0x000009ec   Section        0  bufferfunctions.o(i.ST7735_DrawString)
    i.ST7735_FillRect                        0x00000a44   Section        0  bufferfunctions.o(i.ST7735_FillRect)
    i.ST7735_FillScreen                      0x00000af0   Section        0  bufferfunctions.o(i.ST7735_FillScreen)
    i.ST7735_InitR                           0x00000b14   Section        0  bufferfunctions.o(i.ST7735_InitR)
    i.ST7735_OutChar                         0x00000b90   Section        0  bufferfunctions.o(i.ST7735_OutChar)
    i.ST7735_OutString                       0x00000c64   Section        0  bufferfunctions.o(i.ST7735_OutString)
    i.ST7735_PlotBar                         0x00000c7c   Section        0  bufferfunctions.o(i.ST7735_PlotBar)
    i.ST7735_PlotClear                       0x00000cd4   Section        0  bufferfunctions.o(i.ST7735_PlotClear)
    i.ST7735_PlotNext                        0x00000d30   Section        0  bufferfunctions.o(i.ST7735_PlotNext)
    i.ST7735_SetCursor                       0x00000d50   Section        0  bufferfunctions.o(i.ST7735_SetCursor)
    i.Timer0A_Handler                        0x00000d70   Section        0  adctestmain.o(i.Timer0A_Handler)
    i.Timer2A_Handler                        0x00000e20   Section        0  adctestmain.o(i.Timer2A_Handler)
    i.commandList                            0x00000e26   Section        0  bufferfunctions.o(i.commandList)
    commandList                              0x00000e27   Thumb Code    86  bufferfunctions.o(i.commandList)
    i.commonInit                             0x00000e7c   Section        0  bufferfunctions.o(i.commonInit)
    commonInit                               0x00000e7d   Thumb Code   340  bufferfunctions.o(i.commonInit)
    i.main                                   0x00001000   Section        0  adctestmain.o(i.main)
    i.pushColor                              0x00001054   Section        0  bufferfunctions.o(i.pushColor)
    pushColor                                0x00001055   Thumb Code    18  bufferfunctions.o(i.pushColor)
    i.setAddrWindow                          0x00001068   Section        0  bufferfunctions.o(i.setAddrWindow)
    setAddrWindow                            0x00001069   Thumb Code   106  bufferfunctions.o(i.setAddrWindow)
    i.writecommand                           0x000010dc   Section        0  bufferfunctions.o(i.writecommand)
    writecommand                             0x000010dd   Thumb Code    40  bufferfunctions.o(i.writecommand)
    i.writedata                              0x0000110c   Section        0  bufferfunctions.o(i.writedata)
    writedata                                0x0000110d   Thumb Code    24  bufferfunctions.o(i.writedata)
    .constdata                               0x0000112c   Section     2018  bufferfunctions.o(.constdata)
    Font                                     0x0000112c   Data        1275  bufferfunctions.o(.constdata)
    Bcmd                                     0x00001627   Data         103  bufferfunctions.o(.constdata)
    Rcmd1                                    0x0000168e   Data          59  bufferfunctions.o(.constdata)
    Rcmd2green                               0x000016c9   Data          13  bufferfunctions.o(.constdata)
    Rcmd2red                                 0x000016d6   Data          13  bufferfunctions.o(.constdata)
    Rcmd3                                    0x000016e3   Data          43  bufferfunctions.o(.constdata)
    .data                                    0x20000000   Section       24  adctestmain.o(.data)
    startTime                                0x20000000   Data           4  adctestmain.o(.data)
    currentTime                              0x20000004   Data           4  adctestmain.o(.data)
    dataFlag                                 0x20000008   Data           1  adctestmain.o(.data)
    index                                    0x2000000c   Data           4  adctestmain.o(.data)
    jitter                                   0x20000010   Data           4  adctestmain.o(.data)
    .data                                    0x20000018   Section       44  bufferfunctions.o(.data)
    _width                                   0x20000022   Data           2  bufferfunctions.o(.data)
    _height                                  0x20000024   Data           2  bufferfunctions.o(.data)
    ColStart                                 0x2000002c   Data           1  bufferfunctions.o(.data)
    RowStart                                 0x2000002d   Data           1  bufferfunctions.o(.data)
    Rotation                                 0x2000002e   Data           1  bufferfunctions.o(.data)
    TabColor                                 0x2000002f   Data           1  bufferfunctions.o(.data)
    .bss                                     0x20000044   Section    24384  adctestmain.o(.bss)
    pmf_array                                0x20000044   Data       16384  adctestmain.o(.bss)
    ADCTime                                  0x20004044   Data        4000  adctestmain.o(.bss)
    ADCData                                  0x20004fe4   Data        4000  adctestmain.o(.bss)
    .bss                                     0x20005f84   Section       96  libspace.o(.bss)
    HEAP                                     0x20005fe8   Section        0  startup.o(HEAP)
    STACK                                    0x20005fe8   Section     1024  startup.o(STACK)
    HeapMem                                  0x20005fe8   Data           0  startup.o(HEAP)
    StackMem                                 0x20005fe8   Data           0  startup.o(STACK)

    Global Symbols

    Symbol Name                              Value     Ov Type        Size  Object(Section)

    BuildAttributes$$THM_ISAv4$E$P$D$K$B$S$7EM$PE$A:L22UL41UL21$X:L11$S22US41US21$IEEE1$IW$USESV6$~STKCKD$USESV7$~SHL$OSPACE$ROPI$EBA8$UX$STANDARDLIB$REQ8$PRES8$EABIv2 0x00000000   Number         0  anon$$obj.o ABSOLUTE
    __ARM_use_no_argv                        0x00000000   Number         0  adctestmain.o ABSOLUTE
    __Vectors                                0x00000000   Data           0  startup.o(RESET)
    __ARM_exceptions_init                     - Undefined Weak Reference
    __alloca_initialize                       - Undefined Weak Reference
    __cpp_initialize__aeabi_                  - Undefined Weak Reference
    __cxa_finalize                            - Undefined Weak Reference
    __rt_locale                               - Undefined Weak Reference
    __sigvec_lookup                           - Undefined Weak Reference
    _atexit_init                              - Undefined Weak Reference
    _call_atexit_fns                          - Undefined Weak Reference
    _clock_init                               - Undefined Weak Reference
    _fp_trap_init                             - Undefined Weak Reference
    _fp_trap_shutdown                         - Undefined Weak Reference
    _get_lc_collate                           - Undefined Weak Reference
    _get_lc_ctype                             - Undefined Weak Reference
    _get_lc_monetary                          - Undefined Weak Reference
    _get_lc_numeric                           - Undefined Weak Reference
    _get_lc_time                              - Undefined Weak Reference
    _getenv_init                              - Undefined Weak Reference
    _handle_redirection                       - Undefined Weak Reference
    _init_alloc                               - Undefined Weak Reference
    _init_user_alloc                          - Undefined Weak Reference
    _initio                                   - Undefined Weak Reference
    _printf_post_padding                      - Undefined Weak Reference
    _printf_pre_padding                       - Undefined Weak Reference
    _printf_truncate_signed                   - Undefined Weak Reference
    _printf_truncate_unsigned                 - Undefined Weak Reference
    _rand_init                                - Undefined Weak Reference
    _signal_finish                            - Undefined Weak Reference
    _signal_init                              - Undefined Weak Reference
    _terminate_alloc                          - Undefined Weak Reference
    _terminate_user_alloc                     - Undefined Weak Reference
    _terminateio                              - Undefined Weak Reference
    Reset_Handler                            0x0000026d   Thumb Code     0  startup.o(RESET)
    NMI_Handler                              0x00000271   Thumb Code     2  startup.o(RESET)
    HardFault_Handler                        0x00000273   Thumb Code     2  startup.o(RESET)
    MemManage_Handler                        0x00000275   Thumb Code     2  startup.o(RESET)
    BusFault_Handler                         0x00000277   Thumb Code     2  startup.o(RESET)
    UsageFault_Handler                       0x00000279   Thumb Code     2  startup.o(RESET)
    SVC_Handler                              0x0000027b   Thumb Code     2  startup.o(RESET)
    DebugMon_Handler                         0x0000027d   Thumb Code     2  startup.o(RESET)
    PendSV_Handler                           0x0000027f   Thumb Code     2  startup.o(RESET)
    SysTick_Handler                          0x00000281   Thumb Code     2  startup.o(RESET)
    ADC0Seq0_Handler                         0x00000283   Thumb Code     0  startup.o(RESET)
    ADC0Seq1_Handler                         0x00000283   Thumb Code     0  startup.o(RESET)
    ADC0Seq2_Handler                         0x00000283   Thumb Code     0  startup.o(RESET)
    ADC0Seq3_Handler                         0x00000283   Thumb Code     0  startup.o(RESET)
    ADC1Seq0_Handler                         0x00000283   Thumb Code     0  startup.o(RESET)
    ADC1Seq1_Handler                         0x00000283   Thumb Code     0  startup.o(RESET)
    ADC1Seq2_Handler                         0x00000283   Thumb Code     0  startup.o(RESET)
    ADC1Seq3_Handler                         0x00000283   Thumb Code     0  startup.o(RESET)
    CAN0_Handler                             0x00000283   Thumb Code     0  startup.o(RESET)
    CAN1_Handler                             0x00000283   Thumb Code     0  startup.o(RESET)
    CAN2_Handler                             0x00000283   Thumb Code     0  startup.o(RESET)
    Comp0_Handler                            0x00000283   Thumb Code     0  startup.o(RESET)
    Comp1_Handler                            0x00000283   Thumb Code     0  startup.o(RESET)
    Comp2_Handler                            0x00000283   Thumb Code     0  startup.o(RESET)
    Ethernet_Handler                         0x00000283   Thumb Code     0  startup.o(RESET)
    ExtBus_Handler                           0x00000283   Thumb Code     0  startup.o(RESET)
    FPU_Handler                              0x00000283   Thumb Code     0  startup.o(RESET)
    Fan0_Handler                             0x00000283   Thumb Code     0  startup.o(RESET)
    FlashCtl_Handler                         0x00000283   Thumb Code     0  startup.o(RESET)
    GPIOPortA_Handler                        0x00000283   Thumb Code     0  startup.o(RESET)
    GPIOPortB_Handler                        0x00000283   Thumb Code     0  startup.o(RESET)
    GPIOPortC_Handler                        0x00000283   Thumb Code     0  startup.o(RESET)
    GPIOPortD_Handler                        0x00000283   Thumb Code     0  startup.o(RESET)
    GPIOPortE_Handler                        0x00000283   Thumb Code     0  startup.o(RESET)
    GPIOPortF_Handler                        0x00000283   Thumb Code     0  startup.o(RESET)
    GPIOPortG_Handler                        0x00000283   Thumb Code     0  startup.o(RESET)
    GPIOPortH_Handler                        0x00000283   Thumb Code     0  startup.o(RESET)
    GPIOPortJ_Handler                        0x00000283   Thumb Code     0  startup.o(RESET)
    GPIOPortK_Handler                        0x00000283   Thumb Code     0  startup.o(RESET)
    GPIOPortL_Handler                        0x00000283   Thumb Code     0  startup.o(RESET)
    GPIOPortM_Handler                        0x00000283   Thumb Code     0  startup.o(RESET)
    GPIOPortN_Handler                        0x00000283   Thumb Code     0  startup.o(RESET)
    GPIOPortP1_Handler                       0x00000283   Thumb Code     0  startup.o(RESET)
    GPIOPortP2_Handler                       0x00000283   Thumb Code     0  startup.o(RESET)
    GPIOPortP3_Handler                       0x00000283   Thumb Code     0  startup.o(RESET)
    GPIOPortP4_Handler                       0x00000283   Thumb Code     0  startup.o(RESET)
    GPIOPortP5_Handler                       0x00000283   Thumb Code     0  startup.o(RESET)
    GPIOPortP6_Handler                       0x00000283   Thumb Code     0  startup.o(RESET)
    GPIOPortP7_Handler                       0x00000283   Thumb Code     0  startup.o(RESET)
    GPIOPortP_Handler                        0x00000283   Thumb Code     0  startup.o(RESET)
    GPIOPortQ1_Handler                       0x00000283   Thumb Code     0  startup.o(RESET)
    GPIOPortQ2_Handler                       0x00000283   Thumb Code     0  startup.o(RESET)
    GPIOPortQ3_Handler                       0x00000283   Thumb Code     0  startup.o(RESET)
    GPIOPortQ4_Handler                       0x00000283   Thumb Code     0  startup.o(RESET)
    GPIOPortQ5_Handler                       0x00000283   Thumb Code     0  startup.o(RESET)
    GPIOPortQ6_Handler                       0x00000283   Thumb Code     0  startup.o(RESET)
    GPIOPortQ7_Handler                       0x00000283   Thumb Code     0  startup.o(RESET)
    GPIOPortQ_Handler                        0x00000283   Thumb Code     0  startup.o(RESET)
    GPIOPortR_Handler                        0x00000283   Thumb Code     0  startup.o(RESET)
    GPIOPortS_Handler                        0x00000283   Thumb Code     0  startup.o(RESET)
    Hibernate_Handler                        0x00000283   Thumb Code     0  startup.o(RESET)
    I2C0_Handler                             0x00000283   Thumb Code     0  startup.o(RESET)
    I2C1_Handler                             0x00000283   Thumb Code     0  startup.o(RESET)
    I2C2_Handler                             0x00000283   Thumb Code     0  startup.o(RESET)
    I2C3_Handler                             0x00000283   Thumb Code     0  startup.o(RESET)
    I2C4_Handler                             0x00000283   Thumb Code     0  startup.o(RESET)
    I2C5_Handler                             0x00000283   Thumb Code     0  startup.o(RESET)
    I2S0_Handler                             0x00000283   Thumb Code     0  startup.o(RESET)
    LPC0_Handler                             0x00000283   Thumb Code     0  startup.o(RESET)
    PECI0_Handler                            0x00000283   Thumb Code     0  startup.o(RESET)
    PWM0Fault_Handler                        0x00000283   Thumb Code     0  startup.o(RESET)
    PWM0Generator0_Handler                   0x00000283   Thumb Code     0  startup.o(RESET)
    PWM0Generator1_Handler                   0x00000283   Thumb Code     0  startup.o(RESET)
    PWM0Generator2_Handler                   0x00000283   Thumb Code     0  startup.o(RESET)
    PWM0Generator3_Handler                   0x00000283   Thumb Code     0  startup.o(RESET)
    PWM1Fault_Handler                        0x00000283   Thumb Code     0  startup.o(RESET)
    PWM1Generator0_Handler                   0x00000283   Thumb Code     0  startup.o(RESET)
    PWM1Generator1_Handler                   0x00000283   Thumb Code     0  startup.o(RESET)
    PWM1Generator2_Handler                   0x00000283   Thumb Code     0  startup.o(RESET)
    PWM1Generator3_Handler                   0x00000283   Thumb Code     0  startup.o(RESET)
    Quadrature0_Handler                      0x00000283   Thumb Code     0  startup.o(RESET)
    Quadrature1_Handler                      0x00000283   Thumb Code     0  startup.o(RESET)
    Quadrature2_Handler                      0x00000283   Thumb Code     0  startup.o(RESET)
    SSI0_Handler                             0x00000283   Thumb Code     0  startup.o(RESET)
    SSI1_Handler                             0x00000283   Thumb Code     0  startup.o(RESET)
    SSI2_Handler                             0x00000283   Thumb Code     0  startup.o(RESET)
    SSI3_Handler                             0x00000283   Thumb Code     0  startup.o(RESET)
    SysCtl_Handler                           0x00000283   Thumb Code     0  startup.o(RESET)
    Timer0B_Handler                          0x00000283   Thumb Code     0  startup.o(RESET)
    Timer1A_Handler                          0x00000283   Thumb Code     0  startup.o(RESET)
    Timer1B_Handler                          0x00000283   Thumb Code     0  startup.o(RESET)
    Timer2B_Handler                          0x00000283   Thumb Code     0  startup.o(RESET)
    Timer3A_Handler                          0x00000283   Thumb Code     0  startup.o(RESET)
    Timer3B_Handler                          0x00000283   Thumb Code     0  startup.o(RESET)
    Timer4A_Handler                          0x00000283   Thumb Code     0  startup.o(RESET)
    Timer4B_Handler                          0x00000283   Thumb Code     0  startup.o(RESET)
    Timer5A_Handler                          0x00000283   Thumb Code     0  startup.o(RESET)
    Timer5B_Handler                          0x00000283   Thumb Code     0  startup.o(RESET)
    UART0_Handler                            0x00000283   Thumb Code     0  startup.o(RESET)
    UART1_Handler                            0x00000283   Thumb Code     0  startup.o(RESET)
    UART2_Handler                            0x00000283   Thumb Code     0  startup.o(RESET)
    UART3_Handler                            0x00000283   Thumb Code     0  startup.o(RESET)
    UART4_Handler                            0x00000283   Thumb Code     0  startup.o(RESET)
    UART5_Handler                            0x00000283   Thumb Code     0  startup.o(RESET)
    UART6_Handler                            0x00000283   Thumb Code     0  startup.o(RESET)
    UART7_Handler                            0x00000283   Thumb Code     0  startup.o(RESET)
    USB0_Handler                             0x00000283   Thumb Code     0  startup.o(RESET)
    WDT_Handler                              0x00000283   Thumb Code     0  startup.o(RESET)
    WideTimer0A_Handler                      0x00000283   Thumb Code     0  startup.o(RESET)
    WideTimer0B_Handler                      0x00000283   Thumb Code     0  startup.o(RESET)
    WideTimer1A_Handler                      0x00000283   Thumb Code     0  startup.o(RESET)
    WideTimer1B_Handler                      0x00000283   Thumb Code     0  startup.o(RESET)
    WideTimer2A_Handler                      0x00000283   Thumb Code     0  startup.o(RESET)
    WideTimer2B_Handler                      0x00000283   Thumb Code     0  startup.o(RESET)
    WideTimer3A_Handler                      0x00000283   Thumb Code     0  startup.o(RESET)
    WideTimer3B_Handler                      0x00000283   Thumb Code     0  startup.o(RESET)
    WideTimer4A_Handler                      0x00000283   Thumb Code     0  startup.o(RESET)
    WideTimer4B_Handler                      0x00000283   Thumb Code     0  startup.o(RESET)
    WideTimer5A_Handler                      0x00000283   Thumb Code     0  startup.o(RESET)
    WideTimer5B_Handler                      0x00000283   Thumb Code     0  startup.o(RESET)
    uDMA_Error                               0x00000283   Thumb Code     0  startup.o(RESET)
    uDMA_Handler                             0x00000283   Thumb Code     0  startup.o(RESET)
    __main                                   0x00000285   Thumb Code     8  __main.o(!!!main)
    __scatterload                            0x0000028d   Thumb Code     0  __scatter.o(!!!scatter)
    __scatterload_rt2                        0x0000028d   Thumb Code    44  __scatter.o(!!!scatter)
    __scatterload_rt2_thumb_only             0x0000028d   Thumb Code     0  __scatter.o(!!!scatter)
    __scatterload_null                       0x0000029b   Thumb Code     0  __scatter.o(!!!scatter)
    __scatterload_copy                       0x000002c1   Thumb Code    26  __scatter_copy.o(!!handler_copy)
    __scatterload_zeroinit                   0x000002dd   Thumb Code    28  __scatter_zi.o(!!handler_zi)
    _printf_d                                0x000002f9   Thumb Code     0  _printf_d.o(.ARM.Collect$$_printf_percent$$00000009)
    _printf_percent                          0x000002f9   Thumb Code     0  _printf_percent.o(.ARM.Collect$$_printf_percent$$00000000)
    _printf_percent_end                      0x000002ff   Thumb Code     0  _printf_percent_end.o(.ARM.Collect$$_printf_percent$$00000017)
    __rt_lib_init                            0x00000303   Thumb Code     0  libinit.o(.ARM.Collect$$libinit$$00000000)
    __rt_lib_init_alloca_1                   0x00000305   Thumb Code     0  libinit2.o(.ARM.Collect$$libinit$$0000002C)
    __rt_lib_init_argv_1                     0x00000305   Thumb Code     0  libinit2.o(.ARM.Collect$$libinit$$0000002A)
    __rt_lib_init_atexit_1                   0x00000305   Thumb Code     0  libinit2.o(.ARM.Collect$$libinit$$00000019)
    __rt_lib_init_clock_1                    0x00000305   Thumb Code     0  libinit2.o(.ARM.Collect$$libinit$$0000001F)
    __rt_lib_init_cpp_1                      0x00000305   Thumb Code     0  libinit2.o(.ARM.Collect$$libinit$$00000030)
    __rt_lib_init_exceptions_1               0x00000305   Thumb Code     0  libinit2.o(.ARM.Collect$$libinit$$0000002E)
    __rt_lib_init_fp_1                       0x00000305   Thumb Code     0  libinit2.o(.ARM.Collect$$libinit$$00000002)
    __rt_lib_init_fp_trap_1                  0x00000305   Thumb Code     0  libinit2.o(.ARM.Collect$$libinit$$0000001D)
    __rt_lib_init_getenv_1                   0x00000305   Thumb Code     0  libinit2.o(.ARM.Collect$$libinit$$00000021)
    __rt_lib_init_heap_1                     0x00000305   Thumb Code     0  libinit2.o(.ARM.Collect$$libinit$$00000008)
    __rt_lib_init_lc_collate_1               0x00000305   Thumb Code     0  libinit2.o(.ARM.Collect$$libinit$$0000000F)
    __rt_lib_init_lc_ctype_1                 0x00000305   Thumb Code     0  libinit2.o(.ARM.Collect$$libinit$$00000011)
    __rt_lib_init_lc_monetary_1              0x00000305   Thumb Code     0  libinit2.o(.ARM.Collect$$libinit$$00000013)
    __rt_lib_init_lc_numeric_1               0x00000305   Thumb Code     0  libinit2.o(.ARM.Collect$$libinit$$00000015)
    __rt_lib_init_lc_time_1                  0x00000305   Thumb Code     0  libinit2.o(.ARM.Collect$$libinit$$00000017)
    __rt_lib_init_rand_1                     0x00000305   Thumb Code     0  libinit2.o(.ARM.Collect$$libinit$$0000000C)
    __rt_lib_init_return                     0x00000305   Thumb Code     0  libinit2.o(.ARM.Collect$$libinit$$00000031)
    __rt_lib_init_signal_1                   0x00000305   Thumb Code     0  libinit2.o(.ARM.Collect$$libinit$$0000001B)
    __rt_lib_init_stdio_1                    0x00000305   Thumb Code     0  libinit2.o(.ARM.Collect$$libinit$$00000023)
    __rt_lib_init_user_alloc_1               0x00000305   Thumb Code     0  libinit2.o(.ARM.Collect$$libinit$$0000000A)
    __rt_lib_shutdown                        0x00000307   Thumb Code     0  libshutdown.o(.ARM.Collect$$libshutdown$$00000000)
    __rt_lib_shutdown_fp_trap_1              0x00000309   Thumb Code     0  libshutdown2.o(.ARM.Collect$$libshutdown$$00000006)
    __rt_lib_shutdown_heap_1                 0x00000309   Thumb Code     0  libshutdown2.o(.ARM.Collect$$libshutdown$$0000000E)
    __rt_lib_shutdown_return                 0x00000309   Thumb Code     0  libshutdown2.o(.ARM.Collect$$libshutdown$$0000000F)
    __rt_lib_shutdown_signal_1               0x00000309   Thumb Code     0  libshutdown2.o(.ARM.Collect$$libshutdown$$00000009)
    __rt_lib_shutdown_stdio_1                0x00000309   Thumb Code     0  libshutdown2.o(.ARM.Collect$$libshutdown$$00000003)
    __rt_lib_shutdown_user_alloc_1           0x00000309   Thumb Code     0  libshutdown2.o(.ARM.Collect$$libshutdown$$0000000B)
    __rt_entry                               0x0000030b   Thumb Code     0  rtentry.o(.ARM.Collect$$rtentry$$00000000)
    __rt_entry_presh_1                       0x0000030b   Thumb Code     0  rtentry2.o(.ARM.Collect$$rtentry$$00000002)
    __rt_entry_sh                            0x0000030b   Thumb Code     0  rtentry4.o(.ARM.Collect$$rtentry$$00000004)
    __rt_entry_li                            0x00000311   Thumb Code     0  rtentry2.o(.ARM.Collect$$rtentry$$0000000A)
    __rt_entry_postsh_1                      0x00000311   Thumb Code     0  rtentry2.o(.ARM.Collect$$rtentry$$00000009)
    __rt_entry_main                          0x00000315   Thumb Code     0  rtentry2.o(.ARM.Collect$$rtentry$$0000000D)
    __rt_entry_postli_1                      0x00000315   Thumb Code     0  rtentry2.o(.ARM.Collect$$rtentry$$0000000C)
    __rt_exit                                0x0000031d   Thumb Code     0  rtexit.o(.ARM.Collect$$rtexit$$00000000)
    __rt_exit_ls                             0x0000031f   Thumb Code     0  rtexit2.o(.ARM.Collect$$rtexit$$00000003)
    __rt_exit_prels_1                        0x0000031f   Thumb Code     0  rtexit2.o(.ARM.Collect$$rtexit$$00000002)
    __rt_exit_exit                           0x00000323   Thumb Code     0  rtexit2.o(.ARM.Collect$$rtexit$$00000004)
    DisableInterrupts                        0x00000329   Thumb Code     0  startup.o(.text)
    EnableInterrupts                         0x0000032d   Thumb Code     0  startup.o(.text)
    StartCritical                            0x00000331   Thumb Code     0  startup.o(.text)
    EndCritical                              0x00000339   Thumb Code     0  startup.o(.text)
    WaitForInterrupt                         0x0000033f   Thumb Code     0  startup.o(.text)
    __user_initial_stackheap                 0x00000343   Thumb Code     0  startup.o(.text)
    __2sprintf                               0x00000359   Thumb Code    34  noretval__2sprintf.o(.text)
    __printf                                 0x00000381   Thumb Code   104  __printf.o(.text)
    _printf_int_dec                          0x000003e9   Thumb Code   102  _printf_dec.o(.text)
    __use_two_region_memory                  0x00000461   Thumb Code     2  heapauxi.o(.text)
    __rt_heap_escrow$2region                 0x00000463   Thumb Code     2  heapauxi.o(.text)
    __rt_heap_expand$2region                 0x00000465   Thumb Code     2  heapauxi.o(.text)
    _printf_int_common                       0x00000467   Thumb Code   184  _printf_intcommon.o(.text)
    _printf_char_common                      0x0000052b   Thumb Code    32  _printf_char_common.o(.text)
    _sputc                                   0x00000551   Thumb Code    10  _sputc.o(.text)
    __user_setup_stackheap                   0x0000055b   Thumb Code    74  sys_stackheap_outer.o(.text)
    exit                                     0x000005a5   Thumb Code    12  exit.o(.text)
    __user_libspace                          0x000005b1   Thumb Code     8  libspace.o(.text)
    __user_perproc_libspace                  0x000005b1   Thumb Code     0  libspace.o(.text)
    __user_perthread_libspace                0x000005b1   Thumb Code     0  libspace.o(.text)
    _sys_exit                                0x000005b9   Thumb Code     8  sys_exit.o(.text)
    __I$use$semihosting                      0x000005c5   Thumb Code     0  use_no_semi.o(.text)
    __use_no_semihosting_swi                 0x000005c5   Thumb Code     2  use_no_semi.o(.text)
    __semihosting_library_function           0x000005c7   Thumb Code     0  indicate_semi.o(.text)
    ADC0_InSeq3                              0x000005c9   Thumb Code    36  adcswtrigger.o(i.ADC0_InSeq3)
    Delay1ms                                 0x000005f5   Thumb Code    32  bufferfunctions.o(i.Delay1ms)
    PLL_Init                                 0x00000615   Thumb Code   118  pll.o(i.PLL_Init)
    PMF_Create                               0x00000691   Thumb Code   358  bufferfunctions.o(i.PMF_Create)
    ST7735_Color565                          0x0000081d   Thumb Code    24  bufferfunctions.o(i.ST7735_Color565)
    ST7735_DrawCharS                         0x00000835   Thumb Code   232  bufferfunctions.o(i.ST7735_DrawCharS)
    ST7735_DrawFastVLine                     0x00000929   Thumb Code   116  bufferfunctions.o(i.ST7735_DrawFastVLine)
    ST7735_DrawPixel                         0x000009a5   Thumb Code    64  bufferfunctions.o(i.ST7735_DrawPixel)
    ST7735_DrawString                        0x000009ed   Thumb Code    86  bufferfunctions.o(i.ST7735_DrawString)
    ST7735_FillRect                          0x00000a45   Thumb Code   164  bufferfunctions.o(i.ST7735_FillRect)
    ST7735_FillScreen                        0x00000af1   Thumb Code    28  bufferfunctions.o(i.ST7735_FillScreen)
    ST7735_InitR                             0x00000b15   Thumb Code    90  bufferfunctions.o(i.ST7735_InitR)
    ST7735_OutChar                           0x00000b91   Thumb Code   176  bufferfunctions.o(i.ST7735_OutChar)
    ST7735_OutString                         0x00000c65   Thumb Code    24  bufferfunctions.o(i.ST7735_OutString)
    ST7735_PlotBar                           0x00000c7d   Thumb Code    72  bufferfunctions.o(i.ST7735_PlotBar)
    ST7735_PlotClear                         0x00000cd5   Thumb Code    74  bufferfunctions.o(i.ST7735_PlotClear)
    ST7735_PlotNext                          0x00000d31   Thumb Code    28  bufferfunctions.o(i.ST7735_PlotNext)
    ST7735_SetCursor                         0x00000d51   Thumb Code    22  bufferfunctions.o(i.ST7735_SetCursor)
    Timer0A_Handler                          0x00000d71   Thumb Code   134  adctestmain.o(i.Timer0A_Handler)
    Timer2A_Handler                          0x00000e21   Thumb Code     6  adctestmain.o(i.Timer2A_Handler)
    main                                     0x00001001   Thumb Code    76  adctestmain.o(i.main)
    dBfs                                     0x0000170e   Data         512  bufferfunctions.o(.constdata)
    Region$$Table$$Base                      0x00001910   Number         0  anon$$obj.o(Region$$Table)
    Region$$Table$$Limit                     0x00001930   Number         0  anon$$obj.o(Region$$Table)
    ADCvalue                                 0x20000014   Data           4  adctestmain.o(.data)
    StX                                      0x20000018   Data           4  bufferfunctions.o(.data)
    StY                                      0x2000001c   Data           4  bufferfunctions.o(.data)
    StTextColor                              0x20000020   Data           2  bufferfunctions.o(.data)
    lastj                                    0x20000028   Data           4  bufferfunctions.o(.data)
    Messageindex                             0x20000030   Data           4  bufferfunctions.o(.data)
    Ymax                                     0x20000034   Data           4  bufferfunctions.o(.data)
    Ymin                                     0x20000038   Data           4  bufferfunctions.o(.data)
    X                                        0x2000003c   Data           4  bufferfunctions.o(.data)
    Yrange                                   0x20000040   Data           4  bufferfunctions.o(.data)
    __libspace_start                         0x20005f84   Data          96  libspace.o(.bss)
    __temporary_stack_top$libspace           0x20005fe4   Data           0  libspace.o(.bss)



==============================================================================

Memory Map of the image

  Image Entry point : 0x0000026d

  Load Region LR_1 (Base: 0x00000000, Size: 0x00001974, Max: 0xffffffff, ABSOLUTE)

    Execution Region ER_RO (Base: 0x00000000, Size: 0x00001930, Max: 0xffffffff, ABSOLUTE)

    Base Addr    Size         Type   Attr      Idx    E Section Name        Object

    0x00000000   0x00000284   Code   RO            3  * RESET               startup.o
    0x00000284   0x00000008   Code   RO          432  * !!!main             c_w.l(__main.o)
    0x0000028c   0x00000034   Code   RO          595    !!!scatter          c_w.l(__scatter.o)
    0x000002c0   0x0000001a   Code   RO          597    !!handler_copy      c_w.l(__scatter_copy.o)
    0x000002da   0x00000002   PAD
    0x000002dc   0x0000001c   Code   RO          599    !!handler_zi        c_w.l(__scatter_zi.o)
    0x000002f8   0x00000000   Code   RO          429    .ARM.Collect$$_printf_percent$$00000000  c_w.l(_printf_percent.o)
    0x000002f8   0x00000006   Code   RO          428    .ARM.Collect$$_printf_percent$$00000009  c_w.l(_printf_d.o)
    0x000002fe   0x00000004   Code   RO          441    .ARM.Collect$$_printf_percent$$00000017  c_w.l(_printf_percent_end.o)
    0x00000302   0x00000002   Code   RO          468    .ARM.Collect$$libinit$$00000000  c_w.l(libinit.o)
    0x00000304   0x00000000   Code   RO          475    .ARM.Collect$$libinit$$00000002  c_w.l(libinit2.o)
    0x00000304   0x00000000   Code   RO          478    .ARM.Collect$$libinit$$00000008  c_w.l(libinit2.o)
    0x00000304   0x00000000   Code   RO          480    .ARM.Collect$$libinit$$0000000A  c_w.l(libinit2.o)
    0x00000304   0x00000000   Code   RO          482    .ARM.Collect$$libinit$$0000000C  c_w.l(libinit2.o)
    0x00000304   0x00000000   Code   RO          485    .ARM.Collect$$libinit$$0000000F  c_w.l(libinit2.o)
    0x00000304   0x00000000   Code   RO          487    .ARM.Collect$$libinit$$00000011  c_w.l(libinit2.o)
    0x00000304   0x00000000   Code   RO          489    .ARM.Collect$$libinit$$00000013  c_w.l(libinit2.o)
    0x00000304   0x00000000   Code   RO          491    .ARM.Collect$$libinit$$00000015  c_w.l(libinit2.o)
    0x00000304   0x00000000   Code   RO          493    .ARM.Collect$$libinit$$00000017  c_w.l(libinit2.o)
    0x00000304   0x00000000   Code   RO          495    .ARM.Collect$$libinit$$00000019  c_w.l(libinit2.o)
    0x00000304   0x00000000   Code   RO          497    .ARM.Collect$$libinit$$0000001B  c_w.l(libinit2.o)
    0x00000304   0x00000000   Code   RO          499    .ARM.Collect$$libinit$$0000001D  c_w.l(libinit2.o)
    0x00000304   0x00000000   Code   RO          501    .ARM.Collect$$libinit$$0000001F  c_w.l(libinit2.o)
    0x00000304   0x00000000   Code   RO          503    .ARM.Collect$$libinit$$00000021  c_w.l(libinit2.o)
    0x00000304   0x00000000   Code   RO          505    .ARM.Collect$$libinit$$00000023  c_w.l(libinit2.o)
    0x00000304   0x00000000   Code   RO          509    .ARM.Collect$$libinit$$0000002A  c_w.l(libinit2.o)
    0x00000304   0x00000000   Code   RO          511    .ARM.Collect$$libinit$$0000002C  c_w.l(libinit2.o)
    0x00000304   0x00000000   Code   RO          513    .ARM.Collect$$libinit$$0000002E  c_w.l(libinit2.o)
    0x00000304   0x00000000   Code   RO          515    .ARM.Collect$$libinit$$00000030  c_w.l(libinit2.o)
    0x00000304   0x00000002   Code   RO          516    .ARM.Collect$$libinit$$00000031  c_w.l(libinit2.o)
    0x00000306   0x00000002   Code   RO          536    .ARM.Collect$$libshutdown$$00000000  c_w.l(libshutdown.o)
    0x00000308   0x00000000   Code   RO          550    .ARM.Collect$$libshutdown$$00000003  c_w.l(libshutdown2.o)
    0x00000308   0x00000000   Code   RO          553    .ARM.Collect$$libshutdown$$00000006  c_w.l(libshutdown2.o)
    0x00000308   0x00000000   Code   RO          556    .ARM.Collect$$libshutdown$$00000009  c_w.l(libshutdown2.o)
    0x00000308   0x00000000   Code   RO          558    .ARM.Collect$$libshutdown$$0000000B  c_w.l(libshutdown2.o)
    0x00000308   0x00000000   Code   RO          561    .ARM.Collect$$libshutdown$$0000000E  c_w.l(libshutdown2.o)
    0x00000308   0x00000002   Code   RO          562    .ARM.Collect$$libshutdown$$0000000F  c_w.l(libshutdown2.o)
    0x0000030a   0x00000000   Code   RO          434    .ARM.Collect$$rtentry$$00000000  c_w.l(rtentry.o)
    0x0000030a   0x00000000   Code   RO          443    .ARM.Collect$$rtentry$$00000002  c_w.l(rtentry2.o)
    0x0000030a   0x00000006   Code   RO          455    .ARM.Collect$$rtentry$$00000004  c_w.l(rtentry4.o)
    0x00000310   0x00000000   Code   RO          445    .ARM.Collect$$rtentry$$00000009  c_w.l(rtentry2.o)
    0x00000310   0x00000004   Code   RO          446    .ARM.Collect$$rtentry$$0000000A  c_w.l(rtentry2.o)
    0x00000314   0x00000000   Code   RO          448    .ARM.Collect$$rtentry$$0000000C  c_w.l(rtentry2.o)
    0x00000314   0x00000008   Code   RO          449    .ARM.Collect$$rtentry$$0000000D  c_w.l(rtentry2.o)
    0x0000031c   0x00000002   Code   RO          472    .ARM.Collect$$rtexit$$00000000  c_w.l(rtexit.o)
    0x0000031e   0x00000000   Code   RO          518    .ARM.Collect$$rtexit$$00000002  c_w.l(rtexit2.o)
    0x0000031e   0x00000004   Code   RO          519    .ARM.Collect$$rtexit$$00000003  c_w.l(rtexit2.o)
    0x00000322   0x00000006   Code   RO          520    .ARM.Collect$$rtexit$$00000004  c_w.l(rtexit2.o)
    0x00000328   0x00000030   Code   RO            4    .text               startup.o
    0x00000358   0x00000028   Code   RO          402    .text               c_w.l(noretval__2sprintf.o)
    0x00000380   0x00000068   Code   RO          404    .text               c_w.l(__printf.o)
    0x000003e8   0x00000078   Code   RO          406    .text               c_w.l(_printf_dec.o)
    0x00000460   0x00000006   Code   RO          430    .text               c_w.l(heapauxi.o)
    0x00000466   0x000000b8   Code   RO          435    .text               c_w.l(_printf_intcommon.o)
    0x0000051e   0x00000002   PAD
    0x00000520   0x00000030   Code   RO          437    .text               c_w.l(_printf_char_common.o)
    0x00000550   0x0000000a   Code   RO          439    .text               c_w.l(_sputc.o)
    0x0000055a   0x0000004a   Code   RO          459    .text               c_w.l(sys_stackheap_outer.o)
    0x000005a4   0x0000000c   Code   RO          461    .text               c_w.l(exit.o)
    0x000005b0   0x00000008   Code   RO          469    .text               c_w.l(libspace.o)
    0x000005b8   0x0000000c   Code   RO          528    .text               c_w.l(sys_exit.o)
    0x000005c4   0x00000002   Code   RO          539    .text               c_w.l(use_no_semi.o)
    0x000005c6   0x00000000   Code   RO          541    .text               c_w.l(indicate_semi.o)
    0x000005c6   0x00000002   PAD
    0x000005c8   0x0000002c   Code   RO           12    i.ADC0_InSeq3       adcswtrigger.o
    0x000005f4   0x00000020   Code   RO          110    i.Delay1ms          bufferfunctions.o
    0x00000614   0x0000007c   Code   RO           98    i.PLL_Init          pll.o
    0x00000690   0x0000018c   Code   RO          117    i.PMF_Create        bufferfunctions.o
    0x0000081c   0x00000018   Code   RO          118    i.ST7735_Color565   bufferfunctions.o
    0x00000834   0x000000f4   Code   RO          121    i.ST7735_DrawCharS  bufferfunctions.o
    0x00000928   0x0000007c   Code   RO          123    i.ST7735_DrawFastVLine  bufferfunctions.o
    0x000009a4   0x00000048   Code   RO          124    i.ST7735_DrawPixel  bufferfunctions.o
    0x000009ec   0x00000056   Code   RO          125    i.ST7735_DrawString  bufferfunctions.o
    0x00000a42   0x00000002   PAD
    0x00000a44   0x000000ac   Code   RO          126    i.ST7735_FillRect   bufferfunctions.o
    0x00000af0   0x00000024   Code   RO          127    i.ST7735_FillScreen  bufferfunctions.o
    0x00000b14   0x0000007c   Code   RO          129    i.ST7735_InitR      bufferfunctions.o
    0x00000b90   0x000000d4   Code   RO          131    i.ST7735_OutChar    bufferfunctions.o
    0x00000c64   0x00000018   Code   RO          132    i.ST7735_OutString  bufferfunctions.o
    0x00000c7c   0x00000058   Code   RO          134    i.ST7735_PlotBar    bufferfunctions.o
    0x00000cd4   0x0000005c   Code   RO          135    i.ST7735_PlotClear  bufferfunctions.o
    0x00000d30   0x00000020   Code   RO          137    i.ST7735_PlotNext   bufferfunctions.o
    0x00000d50   0x00000020   Code   RO          142    i.ST7735_SetCursor  bufferfunctions.o
    0x00000d70   0x000000b0   Code   RO           37    i.Timer0A_Handler   adctestmain.o
    0x00000e20   0x00000006   Code   RO           40    i.Timer2A_Handler   adctestmain.o
    0x00000e26   0x00000056   Code   RO          146    i.commandList       bufferfunctions.o
    0x00000e7c   0x00000184   Code   RO          147    i.commonInit        bufferfunctions.o
    0x00001000   0x00000054   Code   RO           42    i.main              adctestmain.o
    0x00001054   0x00000012   Code   RO          152    i.pushColor         bufferfunctions.o
    0x00001066   0x00000002   PAD
    0x00001068   0x00000074   Code   RO          153    i.setAddrWindow     bufferfunctions.o
    0x000010dc   0x00000030   Code   RO          154    i.writecommand      bufferfunctions.o
    0x0000110c   0x00000020   Code   RO          155    i.writedata         bufferfunctions.o
    0x0000112c   0x000007e2   Data   RO          157    .constdata          bufferfunctions.o
    0x0000190e   0x00000002   PAD
    0x00001910   0x00000020   Data   RO          593    Region$$Table       anon$$obj.o


    Execution Region ER_RW (Base: 0x20000000, Size: 0x00000044, Max: 0xffffffff, ABSOLUTE)

    Base Addr    Size         Type   Attr      Idx    E Section Name        Object

    0x20000000   0x00000018   Data   RW           45    .data               adctestmain.o
    0x20000018   0x0000002c   Data   RW          158    .data               bufferfunctions.o


    Execution Region ER_ZI (Base: 0x20000044, Size: 0x000063a4, Max: 0xffffffff, ABSOLUTE)

    Base Addr    Size         Type   Attr      Idx    E Section Name        Object

    0x20000044   0x00005f40   Zero   RW           44    .bss                adctestmain.o
    0x20005f84   0x00000060   Zero   RW          470    .bss                c_w.l(libspace.o)
    0x20005fe4   0x00000004   PAD
    0x20005fe8   0x00000000   Zero   RW            2    HEAP                startup.o
    0x20005fe8   0x00000400   Zero   RW            1    STACK               startup.o


==============================================================================

Image component sizes


      Code (inc. data)   RO Data    RW Data    ZI Data      Debug   Object Name

        44          8          0          0          0       4606   adcswtrigger.o
       266         50          0         24      24384       2494   adctestmain.o
      2478        274       2018         44          0      14982   bufferfunctions.o
       124          6          0          0          0        387   pll.o
       692        632          0          0       1024        852   startup.o

    ----------------------------------------------------------------------
      3608        970       2052         68      25408      23321   Object Totals
         0          0         32          0          0          0   (incl. Generated)
         4          0          2          0          0          0   (incl. Padding)

    ----------------------------------------------------------------------

      Code (inc. data)   RO Data    RW Data    ZI Data      Debug   Library Member Name

         8          0          0          0          0         68   __main.o
       104          0          0          0          0         84   __printf.o
        52          8          0          0          0          0   __scatter.o
        26          0          0          0          0          0   __scatter_copy.o
        28          0          0          0          0          0   __scatter_zi.o
        48          6          0          0          0         96   _printf_char_common.o
         6          0          0          0          0          0   _printf_d.o
       120         18          0          0          0         92   _printf_dec.o
       184          0          0          0          0         88   _printf_intcommon.o
         0          0          0          0          0          0   _printf_percent.o
         4          0          0          0          0          0   _printf_percent_end.o
        10          0          0          0          0         68   _sputc.o
        12          0          0          0          0         72   exit.o
         6          0          0          0          0        152   heapauxi.o
         0          0          0          0          0          0   indicate_semi.o
         2          0          0          0          0          0   libinit.o
         2          0          0          0          0          0   libinit2.o
         2          0          0          0          0          0   libshutdown.o
         2          0          0          0          0          0   libshutdown2.o
         8          4          0          0         96         68   libspace.o
        40          6          0          0          0         84   noretval__2sprintf.o
         0          0          0          0          0          0   rtentry.o
        12          0          0          0          0          0   rtentry2.o
         6          0          0          0          0          0   rtentry4.o
         2          0          0          0          0          0   rtexit.o
        10          0          0          0          0          0   rtexit2.o
        12          4          0          0          0         68   sys_exit.o
        74          0          0          0          0         80   sys_stackheap_outer.o
         2          0          0          0          0         68   use_no_semi.o

    ----------------------------------------------------------------------
       788         46          0          0        100       1088   Library Totals
         6          0          0          0          4          0   (incl. Padding)

    ----------------------------------------------------------------------

      Code (inc. data)   RO Data    RW Data    ZI Data      Debug   Library Name

       782         46          0          0         96       1088   c_w.l

    ----------------------------------------------------------------------
       788         46          0          0        100       1088   Library Totals

    ----------------------------------------------------------------------

==============================================================================


      Code (inc. data)   RO Data    RW Data    ZI Data      Debug   

      4396       1016       2052         68      25508      22537   Grand Totals
      4396       1016       2052         68      25508      22537   ELF Image Totals
      4396       1016       2052         68          0          0   ROM Totals

==============================================================================

    Total RO  Size (Code + RO Data)                 6448 (   6.30kB)
    Total RW  Size (RW Data + ZI Data)             25576 (  24.98kB)
    Total ROM Size (Code + RO Data + RW Data)       6516 (   6.36kB)

==============================================================================

